============================================================
  Generated by:           Genus(TM) Synthesis Solution 21.18-s082_1
  Generated on:           Aug 03 2026  06:40:29 pm
  Module:                 picosoc
  Technology libraries:   sky130_ss_1.62_125 1.0
                          sky130_ss_1.62_125_LP 1.0
                          sky130_ss_1.62_125_HS 1.0
                          sky130_sram_2kbyte_1rw1r_32x512_8_TT_1p8V_25C_lib 
                          sky130_sram_4kbyte_1rw1r_32x1024_8_TT_1p8V_25C_lib 
                          physical_cells 
  Operating conditions:   ss_1.62_125 
  Interconnect mode:      global
  Area mode:              physical library
============================================================

Timing
--------

Clock  Period 
--------------
clk   10200.0 


  Cost    Critical         Violating 
 Group   Path Slack  TNS     Paths   
-------------------------------------
clk             0.0   0.0          0 
default    No paths   0.0            
-------------------------------------
Total                 0.0          0 

Instance Count
--------------
Leaf Instance Count             11522 
Physical Instance count             0 
Sequential Instance Count        2474 
Combinational Instance Count     9048 
Hierarchical Instance Count         8 

Area
----
Cell Area                          1732039.363
Physical Cell Area                 0.000
Total Cell Area (Cell+Physical)    1732039.363
Net Area                           277839.156
Total Area (Cell+Physical+Net)     2009878.519

Max Fanout                         2475 (clk)
Min Fanout                         0 (mem_instr)
Average Fanout                     2.7
Terms to net ratio                 3.8402
Terms to instance ratio            4.1475
Runtime                            386.0622360000001 seconds
Elapsed Runtime                    400 seconds
Genus peak memory usage            1958.59 
Innovus peak memory usage          no_value 
Hostname                           uvti_training
