============================================================
  Generated by:           Genus(TM) Synthesis Solution 21.18-s082_1
  Generated on:           Aug 03 2026  06:40:30 pm
  Module:                 picosoc
  Operating conditions:   ss_1.62_125 
  Interconnect mode:      global
  Area mode:              physical library
============================================================


Path 1: MET (0 ps) Setup Check with Pin cpu/mem_rdata_q_reg[25]/CK->D
          Group: clk
     Startpoint: (F) memory/u_sram_4k_1/clk0
          Clock: (F) clk
       Endpoint: (R) cpu/mem_rdata_q_reg[25]/D
          Clock: (R) clk

                     Capture       Launch     
        Clock Edge:+   10200         5100     
       Src Latency:+       0            0     
       Net Latency:+       0 (I)        0 (I) 
           Arrival:=   10200         5100     
                                              
             Setup:-     146                  
     Required Time:=   10054                  
      Launch Clock:-    5100                  
         Data Path:-    4954                  
             Slack:=       0                  

#----------------------------------------------------------------------------------------------------------------------------------------
#        Timing Point          Flags        Arc        Edge                Cell                 Fanout Load Trans Delay Arrival Instance 
#                                                                                                      (fF)  (ps)  (ps)   (ps)  Location 
#----------------------------------------------------------------------------------------------------------------------------------------
  memory/u_sram_4k_1/clk0      -       -               F     (arrival)                            2475    -     0     0    5100    (-,-) 
  memory/u_sram_4k_1/dout0[29] (P)     clk0->dout0[29] F     sky130_sram_4kbyte_1rw1r_32x1024_8      1  8.6   114  2880    7980    (-,-) 
  memory/g3187/Y               -       B->Y            R     NAND2X2_HS                              1  8.3   158    77    8057    (-,-) 
  memory/g3118/Y               -       B->Y            F     NAND3X2_HS                              1  8.6   118   149    8206    (-,-) 
  g5047/Y                      -       B->Y            R     NAND2X2_HS                              1 14.7    98   111    8317    (-,-) 
  g5046/Y                      -       B->Y            F     NAND2X4_HS                              2 17.7    71    97    8414    (-,-) 
  cpu/g94735/Y                 -       B->Y            R     NAND2X4_HS                              2 28.5    98    93    8506    (-,-) 
  cpu/g94733/Y                 -       B->Y            F     NAND2X4_HS                              1 14.5    90    90    8596    (-,-) 
  cpu/g94732/Y                 -       A->Y            R     NOR2X4_HS                               4 32.2   167   184    8780    (-,-) 
  cpu/g93865/Y                 -       A->Y            F     NAND2X2_HS                              1 14.7    98   137    8917    (-,-) 
  cpu/g94619/Y                 -       A->Y            R     INVX4_HS                                2 39.5    98   116    9032    (-,-) 
  cpu/g91729/Y                 -       A->Y            F     INVX8_HS                                5 60.6    59    91    9124    (-,-) 
  cpu/g12/Y                    -       A->Y            R     NAND2X2                                 1  8.6    82    92    9216    (-,-) 
  cpu/g11/Y                    -       B->Y            F     NAND2X2_HS                              3 14.6    92   108    9324    (-,-) 
  cpu/g93917/Y                 -       A->Y            F     BUFX2                                   2 11.5    65   227    9550    (-,-) 
  cpu/g93916/Y                 -       A->Y            R     NAND2X1                                 1  5.0    82   100    9650    (-,-) 
  cpu/g90950/Y                 -       B->Y            F     NAND2X1                                 1  7.4   125   126    9776    (-,-) 
  cpu/g94400/Y                 -       A->Y            R     NAND2X2                                 1  8.4    86   120    9897    (-,-) 
  cpu/g87/Y                    -       B0->Y           F     AOI211X2_HS                             1  5.2    87    73    9970    (-,-) 
  cpu/g86/Y                    -       A->Y            R     NAND2X1_HS                              1  3.8    64    85   10054    (-,-) 
  cpu/mem_rdata_q_reg[25]/D    <<<     -               R     DFFRX4_HS                               1    -     -     0   10054    (-,-) 
#----------------------------------------------------------------------------------------------------------------------------------------

(P) : Instance is preserved

