============================================================
  Generated by:           Genus(TM) Synthesis Solution 21.18-s082_1
  Generated on:           Aug 03 2026  06:40:31 pm
  Module:                 picosoc
  Operating conditions:   ss_1.62_125 
  Interconnect mode:      global
  Area mode:              physical library
============================================================


Path 1: UNCONSTRAINED Setup Check with Pin cpu/mem_rdata_q_reg[25]/CK->D
     Startpoint: (R) iomem_ready
       Endpoint: (F) cpu/mem_rdata_q_reg[25]/D
          Clock: (R) -

                   Capture    Launch  
      Drv Adjust:+       0         0  
                                      
           Setup:-     129            
       Data Path:-    5815            

#-----------------------------------------------------------------------------------------------------
#       Timing Point        Flags   Arc   Edge    Cell      Fanout  Load Trans Delay Arrival Instance 
#                                                                   (fF)  (ps)  (ps)   (ps)  Location 
#-----------------------------------------------------------------------------------------------------
  iomem_ready               -       -     R     (arrival)        1   4.9     0     0       0    (-,-) 
  g1991/Y                   -       A->Y  F     NAND2X1          2  10.3   133   119     119    (-,-) 
  g5036/Y                   -       A->Y  R     CLKINVX2        34 135.3   753   588     707    (-,-) 
  g1988/Y                   -       A->Y  F     NOR3X1           2   7.5   201   319    1026    (-,-) 
  g1983/Y                   -       A->Y  F     AND3X2           1   5.0    50   288    1314    (-,-) 
  g1931/Y                   -       B0->Y R     OAI21X1          4  16.9   429   172    1486    (-,-) 
  cpu/g79589/Y              -       A->Y  F     NAND2X1          2   9.0   164   258    1744    (-,-) 
  cpu/g29/Y                 -       B->Y  R     NAND2X1         12  43.5   488   418    2162    (-,-) 
  cpu/g79102/Y              -       A->Y  R     OR2X1            6  27.5   308   506    2668    (-,-) 
  cpu/g79077/Y              -       A->Y  F     NOR2X1           2   8.8   123   200    2868    (-,-) 
  cpu/g79073/Y              -       A->Y  R     INVX1            3  15.4   182   191    3059    (-,-) 
  cpu/g93388/Y              -       A->Y  F     CLKINVX2        13  65.5   216   261    3320    (-,-) 
  cpu/g92914/Y              -       A0->Y R     AOI22X1          2  17.5   478   483    3802    (-,-) 
  cpu/g92372/Y              -       C->Y  R     AND3X2           1   4.4    90   485    4287    (-,-) 
  cpu/g20/Y                 -       A->Y  R     CLKAND2X2        1  14.5    99   205    4492    (-,-) 
  cpu/g39/Y                 -       B->Y  F     NAND3X4_HS       2  28.5   151   171    4662    (-,-) 
  cpu/g93983/Y              -       B->Y  R     NOR2X4_HS        3  26.3   154   166    4829    (-,-) 
  cpu/g94377/Y              -       A->Y  F     NAND3X2_HS       1   7.6    97   145    4974    (-,-) 
  cpu/g21/Y                 -       A->Y  R     CLKINVX1_HS      2  19.0    92   107    5081    (-,-) 
  cpu/g93896/Y              -       C->Y  F     NAND3X4_HS       3  25.2   139   148    5229    (-,-) 
  cpu/g94948/Y              -       B->Y  R     NAND3X4_HS       5  35.2   116   145    5373    (-,-) 
  cpu/g94947/Y              -       A->Y  F     INVX4_HS         9  49.8    83   116    5489    (-,-) 
  cpu/g87/Y                 -       A0->Y R     AOI211X2_HS      1   5.3   163   221    5710    (-,-) 
  cpu/g86/Y                 -       A->Y  F     NAND2X1_HS       1   3.8    68   105    5815    (-,-) 
  cpu/mem_rdata_q_reg[25]/D -       -     F     DFFRX4_HS        1     -     -     0    5815    (-,-) 
#-----------------------------------------------------------------------------------------------------

